error: property `id` already captured in `new_child`
  --> $DIR/property_already_captured1.rs:12:32
   |
12 |     fn new(child: impl UiNode, id: WidgetId) {
   |                                ^^
