error[E0609]: no field `children` on type `&Node`
 --> cases/ui_node/delegate_iter_no_children_field.rs:5:11
  |
5 | #[ui_node(children_iter)]
  |           ^^^^^^^^^^^^^ unknown field

error[E0609]: no field `children` on type `&mut Node`
 --> cases/ui_node/delegate_iter_no_children_field.rs:5:11
  |
5 | #[ui_node(children_iter)]
  |           ^^^^^^^^^^^^^ unknown field
