error[E0277]: the trait bound `bool: IntoVar<GradientStops>` is not satisfied
   --> cases/widget_new/incorrect_arg_type4.rs:8:29
    |
8   |           background_gradient = {
    |           -                   ^ the trait `IntoVar<GradientStops>` is not implemented for `bool`
    |  _________|
    | |
9   | |             axis: 0.deg(),
10  | |             stops: true
    | |_________________- required by a bound introduced by this call
    |
    = help: the following other types implement trait `IntoVar<T>`:
            <implementers-list>
note: required by a bound in `background_gradient_Args::stops`
   --> $WORKSPACE/zero-ui/src/properties/visual.rs
    |
    | pub fn background_gradient(child: impl UiNode, axis: impl IntoVar<LinearGradientAxis>, stops: impl IntoVar<GradientStops>) -> impl UiNode {
    |                                                                                                    ^^^^^^^^^^^^^^^^^^^^^^ required by this bound in `background_gradient_Args::stops`
