error: auto impl delegates call to `update` but this manual impl does not
 `#[deny_(zero_ui::missing_delegate)]` is on
  --> $DIR/missing_matching_delegate_child.rs:14:51
   |
14 |       fn update(&mut self, ctx: &mut WidgetContext) {
   |  ___________________________________________________^
15 | |         let _ = ctx;
16 | |         // does not call self.child.update(ctx);
17 | |     }
   | |_____^
